// Jest Snapshot v1, https://goo.gl/fbAQLP

exports[`matches snapshot 1`] = `
<DocumentFragment>
  <div>
    <form>
      <label
        for="item"
      >
        New item
      </label>
      <input
        id="item"
        name="item"
        type="text"
        value=""
      />
      <button>
        Add Me!
      </button>
    </form>
  </div>
</DocumentFragment>
`;
